

================================================================
== Vitis HLS Report for 'module0_prefilter_Pipeline_PREFILTER_LOOP'
================================================================
* Date:           Wed Feb  4 11:54:20 2026

* Version:        2024.2.2 (Build 6049644 on Mar  5 2025)
* Project:        module0_prefilter
* Solution:       hls (Vivado IP Flow Target)
* Product family: zynq
* Target device:  xc7z020-clg400-1


================================================================
== Performance Estimates
================================================================
+ Timing: 
    * Summary: 
    +--------+----------+----------+------------+
    |  Clock |  Target  | Estimated| Uncertainty|
    +--------+----------+----------+------------+
    |ap_clk  |  10.00 ns|  6.944 ns|     1.25 ns|
    +--------+----------+----------+------------+

+ Latency: 
    * Summary: 
    +---------+---------+----------+----------+-----+-----+------------------------------------------------+
    |  Latency (cycles) |  Latency (absolute) |  Interval |                    Pipeline                    |
    |   min   |   max   |    min   |    max   | min | max |                      Type                      |
    +---------+---------+----------+----------+-----+-----+------------------------------------------------+
    |        ?|        ?|         ?|         ?|    0|    0|  loop auto-rewind stp (delay=0 clock cycles(s))|
    +---------+---------+----------+----------+-----+-----+------------------------------------------------+

    + Detail: 
        * Instance: 
        N/A

        * Loop: 
        +------------------+---------+---------+----------+-----------+-----------+------+----------+
        |                  |  Latency (cycles) | Iteration|  Initiation Interval  | Trip |          |
        |     Loop Name    |   min   |   max   |  Latency |  achieved |   target  | Count| Pipelined|
        +------------------+---------+---------+----------+-----------+-----------+------+----------+
        |- PREFILTER_LOOP  |        ?|        ?|        26|          1|          1|     ?|       yes|
        +------------------+---------+---------+----------+-----------+-----------+------+----------+



================================================================
== Utilization Estimates
================================================================
* Summary: 
+-----------------+---------+-----+--------+-------+-----+
|       Name      | BRAM_18K| DSP |   FF   |  LUT  | URAM|
+-----------------+---------+-----+--------+-------+-----+
|DSP              |        -|   42|       -|      -|    -|
|Expression       |        -|    -|       0|   1907|    -|
|FIFO             |        -|    -|       -|      -|    -|
|Instance         |        -|    -|       -|      -|    -|
|Memory           |        -|    -|       -|      -|    -|
|Multiplexer      |        -|    -|       0|    963|    -|
|Register         |        -|    -|    5641|   1504|    -|
+-----------------+---------+-----+--------+-------+-----+
|Total            |        0|   42|    5641|   4374|    0|
+-----------------+---------+-----+--------+-------+-----+
|Available        |      280|  220|  106400|  53200|    0|
+-----------------+---------+-----+--------+-------+-----+
|Utilization (%)  |        0|   19|       5|      8|    0|
+-----------------+---------+-----+--------+-------+-----+

+ Detail: 
    * Instance: 
    N/A

    * DSP: 
    +-------------------------------------+---------------------------------+--------------+
    |               Instance              |              Module             |  Expression  |
    +-------------------------------------+---------------------------------+--------------+
    |mac_muladd_16s_10ns_30s_30_4_1_U27   |mac_muladd_16s_10ns_30s_30_4_1   |  i0 + i1 * i2|
    |mac_muladd_16s_10ns_30s_30_4_1_U28   |mac_muladd_16s_10ns_30s_30_4_1   |  i0 + i1 * i2|
    |mac_muladd_16s_10ns_30s_30_4_1_U31   |mac_muladd_16s_10ns_30s_30_4_1   |  i0 + i1 * i2|
    |mac_muladd_16s_10ns_30s_30_4_1_U32   |mac_muladd_16s_10ns_30s_30_4_1   |  i0 + i1 * i2|
    |mac_muladd_16s_10ns_30s_30_4_1_U35   |mac_muladd_16s_10ns_30s_30_4_1   |  i0 + i1 * i2|
    |mac_muladd_16s_10ns_30s_30_4_1_U36   |mac_muladd_16s_10ns_30s_30_4_1   |  i0 + i1 * i2|
    |mac_muladd_16s_10ns_30s_30_4_1_U39   |mac_muladd_16s_10ns_30s_30_4_1   |  i0 + i1 * i2|
    |mac_muladd_16s_10ns_30s_30_4_1_U40   |mac_muladd_16s_10ns_30s_30_4_1   |  i0 + i1 * i2|
    |mac_muladd_16s_10s_30s_30_4_1_U17    |mac_muladd_16s_10s_30s_30_4_1    |  i0 + i1 * i2|
    |mac_muladd_16s_10s_30s_30_4_1_U18    |mac_muladd_16s_10s_30s_30_4_1    |  i0 + i1 * i2|
    |mac_muladd_16s_10s_30s_30_4_1_U21    |mac_muladd_16s_10s_30s_30_4_1    |  i0 + i1 * i2|
    |mac_muladd_16s_10s_30s_30_4_1_U22    |mac_muladd_16s_10s_30s_30_4_1    |  i0 + i1 * i2|
    |mac_muladd_16s_10s_30s_30_4_1_U25    |mac_muladd_16s_10s_30s_30_4_1    |  i0 + i1 * i2|
    |mac_muladd_16s_10s_30s_30_4_1_U26    |mac_muladd_16s_10s_30s_30_4_1    |  i0 + i1 * i2|
    |mac_muladd_16s_11s_30s_30_4_1_U29    |mac_muladd_16s_11s_30s_30_4_1    |  i0 + i1 * i2|
    |mac_muladd_16s_11s_30s_30_4_1_U30    |mac_muladd_16s_11s_30s_30_4_1    |  i0 + i1 * i2|
    |mac_muladd_16s_11s_30s_30_4_1_U33    |mac_muladd_16s_11s_30s_30_4_1    |  i0 + i1 * i2|
    |mac_muladd_16s_11s_30s_30_4_1_U34    |mac_muladd_16s_11s_30s_30_4_1    |  i0 + i1 * i2|
    |mac_muladd_16s_11s_30s_30_4_1_U37    |mac_muladd_16s_11s_30s_30_4_1    |  i0 + i1 * i2|
    |mac_muladd_16s_11s_30s_30_4_1_U38    |mac_muladd_16s_11s_30s_30_4_1    |  i0 + i1 * i2|
    |mac_muladd_16s_14ns_30ns_30_4_1_U41  |mac_muladd_16s_14ns_30ns_30_4_1  |  i0 + i1 * i2|
    |mac_muladd_16s_14ns_30ns_30_4_1_U42  |mac_muladd_16s_14ns_30ns_30_4_1  |  i0 + i1 * i2|
    |mac_muladd_16s_5s_21s_22_4_1_U1      |mac_muladd_16s_5s_21s_22_4_1     |  i0 + i1 * i2|
    |mac_muladd_16s_5s_21s_22_4_1_U2      |mac_muladd_16s_5s_21s_22_4_1     |  i0 + i1 * i2|
    |mac_muladd_16s_6ns_30s_30_4_1_U3     |mac_muladd_16s_6ns_30s_30_4_1    |  i0 + i1 * i2|
    |mac_muladd_16s_6ns_30s_30_4_1_U4     |mac_muladd_16s_6ns_30s_30_4_1    |  i0 + i1 * i2|
    |mac_muladd_16s_7ns_30s_30_4_1_U5     |mac_muladd_16s_7ns_30s_30_4_1    |  i0 + i1 * i2|
    |mac_muladd_16s_7ns_30s_30_4_1_U6     |mac_muladd_16s_7ns_30s_30_4_1    |  i0 + i1 * i2|
    |mac_muladd_16s_8ns_30s_30_4_1_U11    |mac_muladd_16s_8ns_30s_30_4_1    |  i0 + i1 * i2|
    |mac_muladd_16s_8ns_30s_30_4_1_U12    |mac_muladd_16s_8ns_30s_30_4_1    |  i0 + i1 * i2|
    |mac_muladd_16s_8s_30s_30_4_1_U7      |mac_muladd_16s_8s_30s_30_4_1     |  i0 + i1 * i2|
    |mac_muladd_16s_8s_30s_30_4_1_U8      |mac_muladd_16s_8s_30s_30_4_1     |  i0 + i1 * i2|
    |mac_muladd_16s_9ns_30s_30_4_1_U15    |mac_muladd_16s_9ns_30s_30_4_1    |  i0 + i1 * i2|
    |mac_muladd_16s_9ns_30s_30_4_1_U16    |mac_muladd_16s_9ns_30s_30_4_1    |  i0 + i1 * i2|
    |mac_muladd_16s_9ns_30s_30_4_1_U19    |mac_muladd_16s_9ns_30s_30_4_1    |  i0 + i1 * i2|
    |mac_muladd_16s_9ns_30s_30_4_1_U20    |mac_muladd_16s_9ns_30s_30_4_1    |  i0 + i1 * i2|
    |mac_muladd_16s_9ns_30s_30_4_1_U23    |mac_muladd_16s_9ns_30s_30_4_1    |  i0 + i1 * i2|
    |mac_muladd_16s_9ns_30s_30_4_1_U24    |mac_muladd_16s_9ns_30s_30_4_1    |  i0 + i1 * i2|
    |mac_muladd_16s_9s_30s_30_4_1_U9      |mac_muladd_16s_9s_30s_30_4_1     |  i0 + i1 * i2|
    |mac_muladd_16s_9s_30s_30_4_1_U10     |mac_muladd_16s_9s_30s_30_4_1     |  i0 + i1 * i2|
    |mac_muladd_16s_9s_30s_30_4_1_U13     |mac_muladd_16s_9s_30s_30_4_1     |  i0 + i1 * i2|
    |mac_muladd_16s_9s_30s_30_4_1_U14     |mac_muladd_16s_9s_30s_30_4_1     |  i0 + i1 * i2|
    +-------------------------------------+---------------------------------+--------------+

    * Memory: 
    N/A

    * FIFO: 
    N/A

    * Expression: 
    +-----------------------------------------+----------+----+---+----+------------+------------+
    |              Variable Name              | Operation| DSP| FF| LUT| Bitwidth P0| Bitwidth P1|
    +-----------------------------------------+----------+----+---+----+------------+------------+
    |add_ln44_fu_1098_p2                      |         +|   0|  0|  38|          31|           1|
    |add_ln66_1_fu_2427_p2                    |         +|   0|  0|  37|          30|          30|
    |add_ln66_24_fu_2269_p2                   |         +|   0|  0|  28|          21|          21|
    |add_ln66_25_fu_2417_p2                   |         +|   0|  0|  29|          22|          22|
    |add_ln66_26_fu_2861_p2                   |         +|   0|  0|  32|          25|          25|
    |add_ln66_2_fu_2531_p2                    |         +|   0|  0|  37|          30|          30|
    |add_ln66_4_fu_2679_p2                    |         +|   0|  0|  37|          30|          30|
    |add_ln66_7_fu_2871_p2                    |         +|   0|  0|  37|          30|          30|
    |add_ln67_1_fu_2483_p2                    |         +|   0|  0|  37|          30|          30|
    |add_ln67_24_fu_2319_p2                   |         +|   0|  0|  28|          21|          21|
    |add_ln67_25_fu_2473_p2                   |         +|   0|  0|  29|          22|          22|
    |add_ln67_26_fu_2917_p2                   |         +|   0|  0|  32|          25|          25|
    |add_ln67_2_fu_2571_p2                    |         +|   0|  0|  37|          30|          30|
    |add_ln67_4_fu_2735_p2                    |         +|   0|  0|  37|          30|          30|
    |add_ln67_7_fu_2927_p2                    |         +|   0|  0|  37|          30|          30|
    |out_count_2_fu_1109_p2                   |         +|   0|  0|  39|          32|           1|
    |sum_im_10_fu_1573_p2                     |         +|   0|  0|  23|          16|          16|
    |sum_im_11_fu_1585_p2                     |         +|   0|  0|  23|          16|          16|
    |sum_im_12_fu_1597_p2                     |         +|   0|  0|  23|          16|          16|
    |sum_im_13_fu_1609_p2                     |         +|   0|  0|  23|          16|          16|
    |sum_im_14_fu_1621_p2                     |         +|   0|  0|  23|          16|          16|
    |sum_im_15_fu_1633_p2                     |         +|   0|  0|  23|          16|          16|
    |sum_im_16_fu_1645_p2                     |         +|   0|  0|  23|          16|          16|
    |sum_im_17_fu_1657_p2                     |         +|   0|  0|  23|          16|          16|
    |sum_im_18_fu_1669_p2                     |         +|   0|  0|  23|          16|          16|
    |sum_im_19_fu_1681_p2                     |         +|   0|  0|  23|          16|          16|
    |sum_im_1_fu_1457_p2                      |         +|   0|  0|  23|          16|          16|
    |sum_im_20_fu_1693_p2                     |         +|   0|  0|  23|          16|          16|
    |sum_im_21_fu_1705_p2                     |         +|   0|  0|  23|          16|          16|
    |sum_im_22_fu_1717_p2                     |         +|   0|  0|  23|          16|          16|
    |sum_im_23_fu_1729_p2                     |         +|   0|  0|  23|          16|          16|
    |sum_im_24_fu_1741_p2                     |         +|   0|  0|  23|          16|          16|
    |sum_im_2_fu_1477_p2                      |         +|   0|  0|  23|          16|          16|
    |sum_im_3_fu_1489_p2                      |         +|   0|  0|  23|          16|          16|
    |sum_im_4_fu_1501_p2                      |         +|   0|  0|  23|          16|          16|
    |sum_im_5_fu_1513_p2                      |         +|   0|  0|  23|          16|          16|
    |sum_im_6_fu_1525_p2                      |         +|   0|  0|  23|          16|          16|
    |sum_im_7_fu_1537_p2                      |         +|   0|  0|  23|          16|          16|
    |sum_im_8_fu_1549_p2                      |         +|   0|  0|  23|          16|          16|
    |sum_im_9_fu_1561_p2                      |         +|   0|  0|  23|          16|          16|
    |sum_im_fu_1445_p2                        |         +|   0|  0|  23|          16|          16|
    |sum_re_10_fu_1567_p2                     |         +|   0|  0|  23|          16|          16|
    |sum_re_11_fu_1579_p2                     |         +|   0|  0|  23|          16|          16|
    |sum_re_12_fu_1591_p2                     |         +|   0|  0|  23|          16|          16|
    |sum_re_13_fu_1603_p2                     |         +|   0|  0|  23|          16|          16|
    |sum_re_14_fu_1615_p2                     |         +|   0|  0|  23|          16|          16|
    |sum_re_15_fu_1627_p2                     |         +|   0|  0|  23|          16|          16|
    |sum_re_16_fu_1639_p2                     |         +|   0|  0|  23|          16|          16|
    |sum_re_17_fu_1651_p2                     |         +|   0|  0|  23|          16|          16|
    |sum_re_18_fu_1663_p2                     |         +|   0|  0|  23|          16|          16|
    |sum_re_19_fu_1675_p2                     |         +|   0|  0|  23|          16|          16|
    |sum_re_1_fu_1451_p2                      |         +|   0|  0|  23|          16|          16|
    |sum_re_20_fu_1687_p2                     |         +|   0|  0|  23|          16|          16|
    |sum_re_21_fu_1699_p2                     |         +|   0|  0|  23|          16|          16|
    |sum_re_22_fu_1711_p2                     |         +|   0|  0|  23|          16|          16|
    |sum_re_23_fu_1723_p2                     |         +|   0|  0|  23|          16|          16|
    |sum_re_24_fu_1735_p2                     |         +|   0|  0|  23|          16|          16|
    |sum_re_2_fu_1471_p2                      |         +|   0|  0|  23|          16|          16|
    |sum_re_3_fu_1483_p2                      |         +|   0|  0|  23|          16|          16|
    |sum_re_4_fu_1495_p2                      |         +|   0|  0|  23|          16|          16|
    |sum_re_5_fu_1507_p2                      |         +|   0|  0|  23|          16|          16|
    |sum_re_6_fu_1519_p2                      |         +|   0|  0|  23|          16|          16|
    |sum_re_7_fu_1531_p2                      |         +|   0|  0|  23|          16|          16|
    |sum_re_8_fu_1543_p2                      |         +|   0|  0|  23|          16|          16|
    |sum_re_9_fu_1555_p2                      |         +|   0|  0|  23|          16|          16|
    |sum_re_fu_1439_p2                        |         +|   0|  0|  23|          16|          16|
    |sub_ln66_1_fu_2669_p2                    |         -|   0|  0|  30|          23|          23|
    |sub_ln66_fu_2521_p2                      |         -|   0|  0|  29|          22|          22|
    |sub_ln67_1_fu_2725_p2                    |         -|   0|  0|  30|          23|          23|
    |sub_ln67_fu_2561_p2                      |         -|   0|  0|  29|          22|          22|
    |ap_block_state27_pp0_stage0_iter26_grp1  |       and|   0|  0|   2|           1|           1|
    |ap_block_state3_pp0_stage0_iter2_grp1    |       and|   0|  0|   2|           1|           1|
    |ap_condition_2974                        |       and|   0|  0|   2|           1|           1|
    |icmp_ln44_fu_1093_p2                     |      icmp|   0|  0|  39|          32|          32|
    |icmp_ln73_fu_1104_p2                     |      icmp|   0|  0|  39|          32|          32|
    |ap_block_pp0_stage0_01001_grp1           |        or|   0|  0|   2|           1|           1|
    |ap_enable_pp0                            |       xor|   0|  0|   2|           1|           2|
    +-----------------------------------------+----------+----+---+----+------------+------------+
    |Total                                    |          |   0|  0|1907|        1398|        1338|
    +-----------------------------------------+----------+----+---+----+------------+------------+

    * Multiplexer: 
    +-------------------------+----+-----------+-----+-----------+
    |           Name          | LUT| Input Size| Bits| Total Bits|
    +-------------------------+----+-----------+-----+-----------+
    |ap_done_int              |   9|          2|    1|          2|
    |ap_enable_reg_pp0_iter1  |   9|          2|    1|          2|
    |ap_enable_reg_pp0_iter3  |   9|          2|    1|          2|
    |data_in_blk_n            |   9|          2|    1|          2|
    |data_out_blk_n           |   9|          2|    1|          2|
    |n_fu_140                 |   9|          2|   31|         62|
    |out_count_fu_152         |   9|          2|   32|         64|
    |p_0_0_0599_1029_fu_224   |   9|          2|   16|         32|
    |p_0_0_0599_111_fu_148    |   9|          2|   16|         32|
    |p_0_0_0599_1131_fu_232   |   9|          2|   16|         32|
    |p_0_0_0599_1233_fu_240   |   9|          2|   16|         32|
    |p_0_0_0599_1335_fu_248   |   9|          2|   16|         32|
    |p_0_0_0599_1437_fu_256   |   9|          2|   16|         32|
    |p_0_0_0599_1539_fu_264   |   9|          2|   16|         32|
    |p_0_0_0599_1641_fu_272   |   9|          2|   16|         32|
    |p_0_0_0599_1743_fu_280   |   9|          2|   16|         32|
    |p_0_0_0599_1845_fu_288   |   9|          2|   16|         32|
    |p_0_0_0599_1947_fu_296   |   9|          2|   16|         32|
    |p_0_0_0599_2049_fu_304   |   9|          2|   16|         32|
    |p_0_0_0599_213_fu_160    |   9|          2|   16|         32|
    |p_0_0_0599_2151_fu_312   |   9|          2|   16|         32|
    |p_0_0_0599_2253_fu_320   |   9|          2|   16|         32|
    |p_0_0_0599_2355_fu_328   |   9|          2|   16|         32|
    |p_0_0_0599_2457_fu_336   |   9|          2|   16|         32|
    |p_0_0_0599_2559_fu_344   |   9|          2|   16|         32|
    |p_0_0_0599_2661_fu_352   |   9|          2|   16|         32|
    |p_0_0_0599_2763_fu_360   |   9|          2|   16|         32|
    |p_0_0_0599_2865_fu_368   |   9|          2|   16|         32|
    |p_0_0_0599_2967_fu_376   |   9|          2|   16|         32|
    |p_0_0_0599_3069_fu_384   |   9|          2|   16|         32|
    |p_0_0_0599_315_fu_168    |   9|          2|   16|         32|
    |p_0_0_0599_3171_fu_392   |   9|          2|   16|         32|
    |p_0_0_0599_3273_fu_400   |   9|          2|   16|         32|
    |p_0_0_0599_3375_fu_408   |   9|          2|   16|         32|
    |p_0_0_0599_3477_fu_416   |   9|          2|   16|         32|
    |p_0_0_0599_3579_fu_424   |   9|          2|   16|         32|
    |p_0_0_0599_3681_fu_432   |   9|          2|   16|         32|
    |p_0_0_0599_3783_fu_440   |   9|          2|   16|         32|
    |p_0_0_0599_3885_fu_448   |   9|          2|   16|         32|
    |p_0_0_0599_3987_fu_456   |   9|          2|   16|         32|
    |p_0_0_0599_4089_fu_464   |   9|          2|   16|         32|
    |p_0_0_0599_417_fu_176    |   9|          2|   16|         32|
    |p_0_0_0599_4191_fu_472   |   9|          2|   16|         32|
    |p_0_0_0599_4293_fu_480   |   9|          2|   16|         32|
    |p_0_0_0599_4395_fu_488   |   9|          2|   16|         32|
    |p_0_0_0599_4497_fu_496   |   9|          2|   16|         32|
    |p_0_0_0599_4599_fu_504   |   9|          2|   16|         32|
    |p_0_0_0599_46101_fu_512  |   9|          2|   16|         32|
    |p_0_0_0599_47103_fu_520  |   9|          2|   16|         32|
    |p_0_0_0599_48105_fu_528  |   9|          2|   16|         32|
    |p_0_0_0599_49107_fu_536  |   9|          2|   16|         32|
    |p_0_0_0599_49109_fu_544  |   9|          2|   16|         32|
    |p_0_0_0599_519_fu_184    |   9|          2|   16|         32|
    |p_0_0_0599_621_fu_192    |   9|          2|   16|         32|
    |p_0_0_0599_723_fu_200    |   9|          2|   16|         32|
    |p_0_0_0599_825_fu_208    |   9|          2|   16|         32|
    |p_0_0_0599_927_fu_216    |   9|          2|   16|         32|
    |p_0_0_0600_1028_fu_220   |   9|          2|   16|         32|
    |p_0_0_0600_110_fu_144    |   9|          2|   16|         32|
    |p_0_0_0600_1130_fu_228   |   9|          2|   16|         32|
    |p_0_0_0600_1232_fu_236   |   9|          2|   16|         32|
    |p_0_0_0600_1334_fu_244   |   9|          2|   16|         32|
    |p_0_0_0600_1436_fu_252   |   9|          2|   16|         32|
    |p_0_0_0600_1538_fu_260   |   9|          2|   16|         32|
    |p_0_0_0600_1640_fu_268   |   9|          2|   16|         32|
    |p_0_0_0600_1742_fu_276   |   9|          2|   16|         32|
    |p_0_0_0600_1844_fu_284   |   9|          2|   16|         32|
    |p_0_0_0600_1946_fu_292   |   9|          2|   16|         32|
    |p_0_0_0600_2048_fu_300   |   9|          2|   16|         32|
    |p_0_0_0600_212_fu_156    |   9|          2|   16|         32|
    |p_0_0_0600_2150_fu_308   |   9|          2|   16|         32|
    |p_0_0_0600_2252_fu_316   |   9|          2|   16|         32|
    |p_0_0_0600_2354_fu_324   |   9|          2|   16|         32|
    |p_0_0_0600_2456_fu_332   |   9|          2|   16|         32|
    |p_0_0_0600_2558_fu_340   |   9|          2|   16|         32|
    |p_0_0_0600_2660_fu_348   |   9|          2|   16|         32|
    |p_0_0_0600_2762_fu_356   |   9|          2|   16|         32|
    |p_0_0_0600_2864_fu_364   |   9|          2|   16|         32|
    |p_0_0_0600_2966_fu_372   |   9|          2|   16|         32|
    |p_0_0_0600_3068_fu_380   |   9|          2|   16|         32|
    |p_0_0_0600_314_fu_164    |   9|          2|   16|         32|
    |p_0_0_0600_3170_fu_388   |   9|          2|   16|         32|
    |p_0_0_0600_3272_fu_396   |   9|          2|   16|         32|
    |p_0_0_0600_3374_fu_404   |   9|          2|   16|         32|
    |p_0_0_0600_3476_fu_412   |   9|          2|   16|         32|
    |p_0_0_0600_3578_fu_420   |   9|          2|   16|         32|
    |p_0_0_0600_3680_fu_428   |   9|          2|   16|         32|
    |p_0_0_0600_3782_fu_436   |   9|          2|   16|         32|
    |p_0_0_0600_3884_fu_444   |   9|          2|   16|         32|
    |p_0_0_0600_3986_fu_452   |   9|          2|   16|         32|
    |p_0_0_0600_4088_fu_460   |   9|          2|   16|         32|
    |p_0_0_0600_416_fu_172    |   9|          2|   16|         32|
    |p_0_0_0600_4190_fu_468   |   9|          2|   16|         32|
    |p_0_0_0600_4292_fu_476   |   9|          2|   16|         32|
    |p_0_0_0600_4394_fu_484   |   9|          2|   16|         32|
    |p_0_0_0600_4496_fu_492   |   9|          2|   16|         32|
    |p_0_0_0600_4598_fu_500   |   9|          2|   16|         32|
    |p_0_0_0600_46100_fu_508  |   9|          2|   16|         32|
    |p_0_0_0600_47102_fu_516  |   9|          2|   16|         32|
    |p_0_0_0600_48104_fu_524  |   9|          2|   16|         32|
    |p_0_0_0600_49106_fu_532  |   9|          2|   16|         32|
    |p_0_0_0600_49108_fu_540  |   9|          2|   16|         32|
    |p_0_0_0600_518_fu_180    |   9|          2|   16|         32|
    |p_0_0_0600_620_fu_188    |   9|          2|   16|         32|
    |p_0_0_0600_722_fu_196    |   9|          2|   16|         32|
    |p_0_0_0600_824_fu_204    |   9|          2|   16|         32|
    |p_0_0_0600_926_fu_212    |   9|          2|   16|         32|
    +-------------------------+----+-----------+-----+-----------+
    |Total                    | 963|        214| 1668|       3336|
    +-------------------------+----+-----------+-----+-----------+

    * Register: 
    +-----------------------------------+----+----+-----+-----------+
    |                Name               | FF | LUT| Bits| Const Bits|
    +-----------------------------------+----+----+-----+-----------+
    |ap_CS_fsm                          |   1|   0|    1|          0|
    |ap_done_reg                        |   1|   0|    1|          0|
    |ap_enable_reg_pp0_iter1            |   1|   0|    1|          0|
    |ap_enable_reg_pp0_iter10           |   1|   0|    1|          0|
    |ap_enable_reg_pp0_iter11           |   1|   0|    1|          0|
    |ap_enable_reg_pp0_iter12           |   1|   0|    1|          0|
    |ap_enable_reg_pp0_iter13           |   1|   0|    1|          0|
    |ap_enable_reg_pp0_iter14           |   1|   0|    1|          0|
    |ap_enable_reg_pp0_iter15           |   1|   0|    1|          0|
    |ap_enable_reg_pp0_iter16           |   1|   0|    1|          0|
    |ap_enable_reg_pp0_iter17           |   1|   0|    1|          0|
    |ap_enable_reg_pp0_iter18           |   1|   0|    1|          0|
    |ap_enable_reg_pp0_iter19           |   1|   0|    1|          0|
    |ap_enable_reg_pp0_iter2            |   1|   0|    1|          0|
    |ap_enable_reg_pp0_iter20           |   1|   0|    1|          0|
    |ap_enable_reg_pp0_iter21           |   1|   0|    1|          0|
    |ap_enable_reg_pp0_iter22           |   1|   0|    1|          0|
    |ap_enable_reg_pp0_iter23           |   1|   0|    1|          0|
    |ap_enable_reg_pp0_iter24           |   1|   0|    1|          0|
    |ap_enable_reg_pp0_iter25           |   1|   0|    1|          0|
    |ap_enable_reg_pp0_iter26           |   1|   0|    1|          0|
    |ap_enable_reg_pp0_iter3            |   1|   0|    1|          0|
    |ap_enable_reg_pp0_iter4            |   1|   0|    1|          0|
    |ap_enable_reg_pp0_iter5            |   1|   0|    1|          0|
    |ap_enable_reg_pp0_iter6            |   1|   0|    1|          0|
    |ap_enable_reg_pp0_iter7            |   1|   0|    1|          0|
    |ap_enable_reg_pp0_iter8            |   1|   0|    1|          0|
    |ap_enable_reg_pp0_iter9            |   1|   0|    1|          0|
    |ap_loop_exit_ready_pp0_iter10_reg  |   1|   0|    1|          0|
    |ap_loop_exit_ready_pp0_iter11_reg  |   1|   0|    1|          0|
    |ap_loop_exit_ready_pp0_iter12_reg  |   1|   0|    1|          0|
    |ap_loop_exit_ready_pp0_iter13_reg  |   1|   0|    1|          0|
    |ap_loop_exit_ready_pp0_iter14_reg  |   1|   0|    1|          0|
    |ap_loop_exit_ready_pp0_iter15_reg  |   1|   0|    1|          0|
    |ap_loop_exit_ready_pp0_iter16_reg  |   1|   0|    1|          0|
    |ap_loop_exit_ready_pp0_iter17_reg  |   1|   0|    1|          0|
    |ap_loop_exit_ready_pp0_iter18_reg  |   1|   0|    1|          0|
    |ap_loop_exit_ready_pp0_iter19_reg  |   1|   0|    1|          0|
    |ap_loop_exit_ready_pp0_iter20_reg  |   1|   0|    1|          0|
    |ap_loop_exit_ready_pp0_iter21_reg  |   1|   0|    1|          0|
    |ap_loop_exit_ready_pp0_iter22_reg  |   1|   0|    1|          0|
    |ap_loop_exit_ready_pp0_iter23_reg  |   1|   0|    1|          0|
    |ap_loop_exit_ready_pp0_iter24_reg  |   1|   0|    1|          0|
    |ap_loop_exit_ready_pp0_iter25_reg  |   1|   0|    1|          0|
    |ap_loop_exit_ready_pp0_iter2_reg   |   1|   0|    1|          0|
    |ap_loop_exit_ready_pp0_iter3_reg   |   1|   0|    1|          0|
    |ap_loop_exit_ready_pp0_iter4_reg   |   1|   0|    1|          0|
    |ap_loop_exit_ready_pp0_iter5_reg   |   1|   0|    1|          0|
    |ap_loop_exit_ready_pp0_iter6_reg   |   1|   0|    1|          0|
    |ap_loop_exit_ready_pp0_iter7_reg   |   1|   0|    1|          0|
    |ap_loop_exit_ready_pp0_iter8_reg   |   1|   0|    1|          0|
    |ap_loop_exit_ready_pp0_iter9_reg   |   1|   0|    1|          0|
    |icmp_ln44_reg_4678                 |   1|   0|    1|          0|
    |icmp_ln73_reg_4682                 |   1|   0|    1|          0|
    |n_fu_140                           |  31|   0|   31|          0|
    |out_count_fu_152                   |  32|   0|   32|          0|
    |p_0_0_0599_1029_fu_224             |  16|   0|   16|          0|
    |p_0_0_0599_111_fu_148              |  16|   0|   16|          0|
    |p_0_0_0599_1131_fu_232             |  16|   0|   16|          0|
    |p_0_0_0599_1233_fu_240             |  16|   0|   16|          0|
    |p_0_0_0599_1335_fu_248             |  16|   0|   16|          0|
    |p_0_0_0599_1437_fu_256             |  16|   0|   16|          0|
    |p_0_0_0599_1539_fu_264             |  16|   0|   16|          0|
    |p_0_0_0599_1641_fu_272             |  16|   0|   16|          0|
    |p_0_0_0599_1743_fu_280             |  16|   0|   16|          0|
    |p_0_0_0599_1845_fu_288             |  16|   0|   16|          0|
    |p_0_0_0599_1947_fu_296             |  16|   0|   16|          0|
    |p_0_0_0599_2049_fu_304             |  16|   0|   16|          0|
    |p_0_0_0599_213_fu_160              |  16|   0|   16|          0|
    |p_0_0_0599_2151_fu_312             |  16|   0|   16|          0|
    |p_0_0_0599_2253_fu_320             |  16|   0|   16|          0|
    |p_0_0_0599_2355_fu_328             |  16|   0|   16|          0|
    |p_0_0_0599_2457_fu_336             |  16|   0|   16|          0|
    |p_0_0_0599_2559_fu_344             |  16|   0|   16|          0|
    |p_0_0_0599_2661_fu_352             |  16|   0|   16|          0|
    |p_0_0_0599_2661_load_reg_4691      |  16|   0|   16|          0|
    |p_0_0_0599_2763_fu_360             |  16|   0|   16|          0|
    |p_0_0_0599_2865_fu_368             |  16|   0|   16|          0|
    |p_0_0_0599_2967_fu_376             |  16|   0|   16|          0|
    |p_0_0_0599_3069_fu_384             |  16|   0|   16|          0|
    |p_0_0_0599_315_fu_168              |  16|   0|   16|          0|
    |p_0_0_0599_3171_fu_392             |  16|   0|   16|          0|
    |p_0_0_0599_3273_fu_400             |  16|   0|   16|          0|
    |p_0_0_0599_3375_fu_408             |  16|   0|   16|          0|
    |p_0_0_0599_3477_fu_416             |  16|   0|   16|          0|
    |p_0_0_0599_3579_fu_424             |  16|   0|   16|          0|
    |p_0_0_0599_3681_fu_432             |  16|   0|   16|          0|
    |p_0_0_0599_3783_fu_440             |  16|   0|   16|          0|
    |p_0_0_0599_3885_fu_448             |  16|   0|   16|          0|
    |p_0_0_0599_3987_fu_456             |  16|   0|   16|          0|
    |p_0_0_0599_4089_fu_464             |  16|   0|   16|          0|
    |p_0_0_0599_417_fu_176              |  16|   0|   16|          0|
    |p_0_0_0599_4191_fu_472             |  16|   0|   16|          0|
    |p_0_0_0599_4293_fu_480             |  16|   0|   16|          0|
    |p_0_0_0599_4395_fu_488             |  16|   0|   16|          0|
    |p_0_0_0599_4497_fu_496             |  16|   0|   16|          0|
    |p_0_0_0599_4599_fu_504             |  16|   0|   16|          0|
    |p_0_0_0599_46101_fu_512            |  16|   0|   16|          0|
    |p_0_0_0599_47103_fu_520            |  16|   0|   16|          0|
    |p_0_0_0599_48105_fu_528            |  16|   0|   16|          0|
    |p_0_0_0599_49107_fu_536            |  16|   0|   16|          0|
    |p_0_0_0599_49109_fu_544            |  16|   0|   16|          0|
    |p_0_0_0599_519_fu_184              |  16|   0|   16|          0|
    |p_0_0_0599_621_fu_192              |  16|   0|   16|          0|
    |p_0_0_0599_723_fu_200              |  16|   0|   16|          0|
    |p_0_0_0599_825_fu_208              |  16|   0|   16|          0|
    |p_0_0_0599_927_fu_216              |  16|   0|   16|          0|
    |p_0_0_0600_1028_fu_220             |  16|   0|   16|          0|
    |p_0_0_0600_110_fu_144              |  16|   0|   16|          0|
    |p_0_0_0600_1130_fu_228             |  16|   0|   16|          0|
    |p_0_0_0600_1232_fu_236             |  16|   0|   16|          0|
    |p_0_0_0600_1334_fu_244             |  16|   0|   16|          0|
    |p_0_0_0600_1436_fu_252             |  16|   0|   16|          0|
    |p_0_0_0600_1538_fu_260             |  16|   0|   16|          0|
    |p_0_0_0600_1640_fu_268             |  16|   0|   16|          0|
    |p_0_0_0600_1742_fu_276             |  16|   0|   16|          0|
    |p_0_0_0600_1844_fu_284             |  16|   0|   16|          0|
    |p_0_0_0600_1946_fu_292             |  16|   0|   16|          0|
    |p_0_0_0600_2048_fu_300             |  16|   0|   16|          0|
    |p_0_0_0600_212_fu_156              |  16|   0|   16|          0|
    |p_0_0_0600_2150_fu_308             |  16|   0|   16|          0|
    |p_0_0_0600_2252_fu_316             |  16|   0|   16|          0|
    |p_0_0_0600_2354_fu_324             |  16|   0|   16|          0|
    |p_0_0_0600_2456_fu_332             |  16|   0|   16|          0|
    |p_0_0_0600_2558_fu_340             |  16|   0|   16|          0|
    |p_0_0_0600_2660_fu_348             |  16|   0|   16|          0|
    |p_0_0_0600_2660_load_reg_4686      |  16|   0|   16|          0|
    |p_0_0_0600_2762_fu_356             |  16|   0|   16|          0|
    |p_0_0_0600_2864_fu_364             |  16|   0|   16|          0|
    |p_0_0_0600_2966_fu_372             |  16|   0|   16|          0|
    |p_0_0_0600_3068_fu_380             |  16|   0|   16|          0|
    |p_0_0_0600_314_fu_164              |  16|   0|   16|          0|
    |p_0_0_0600_3170_fu_388             |  16|   0|   16|          0|
    |p_0_0_0600_3272_fu_396             |  16|   0|   16|          0|
    |p_0_0_0600_3374_fu_404             |  16|   0|   16|          0|
    |p_0_0_0600_3476_fu_412             |  16|   0|   16|          0|
    |p_0_0_0600_3578_fu_420             |  16|   0|   16|          0|
    |p_0_0_0600_3680_fu_428             |  16|   0|   16|          0|
    |p_0_0_0600_3782_fu_436             |  16|   0|   16|          0|
    |p_0_0_0600_3884_fu_444             |  16|   0|   16|          0|
    |p_0_0_0600_3986_fu_452             |  16|   0|   16|          0|
    |p_0_0_0600_4088_fu_460             |  16|   0|   16|          0|
    |p_0_0_0600_416_fu_172              |  16|   0|   16|          0|
    |p_0_0_0600_4190_fu_468             |  16|   0|   16|          0|
    |p_0_0_0600_4292_fu_476             |  16|   0|   16|          0|
    |p_0_0_0600_4394_fu_484             |  16|   0|   16|          0|
    |p_0_0_0600_4496_fu_492             |  16|   0|   16|          0|
    |p_0_0_0600_4598_fu_500             |  16|   0|   16|          0|
    |p_0_0_0600_46100_fu_508            |  16|   0|   16|          0|
    |p_0_0_0600_47102_fu_516            |  16|   0|   16|          0|
    |p_0_0_0600_48104_fu_524            |  16|   0|   16|          0|
    |p_0_0_0600_49106_fu_532            |  16|   0|   16|          0|
    |p_0_0_0600_49108_fu_540            |  16|   0|   16|          0|
    |p_0_0_0600_518_fu_180              |  16|   0|   16|          0|
    |p_0_0_0600_620_fu_188              |  16|   0|   16|          0|
    |p_0_0_0600_722_fu_196              |  16|   0|   16|          0|
    |p_0_0_0600_824_fu_204              |  16|   0|   16|          0|
    |p_0_0_0600_926_fu_212              |  16|   0|   16|          0|
    |sum_im_10_reg_4811                 |  16|   0|   16|          0|
    |sum_im_11_reg_4821                 |  16|   0|   16|          0|
    |sum_im_12_reg_4831                 |  16|   0|   16|          0|
    |sum_im_13_reg_4841                 |  16|   0|   16|          0|
    |sum_im_14_reg_4851                 |  16|   0|   16|          0|
    |sum_im_15_reg_4861                 |  16|   0|   16|          0|
    |sum_im_16_reg_4871                 |  16|   0|   16|          0|
    |sum_im_17_reg_4881                 |  16|   0|   16|          0|
    |sum_im_18_reg_4891                 |  16|   0|   16|          0|
    |sum_im_19_reg_4901                 |  16|   0|   16|          0|
    |sum_im_20_reg_4911                 |  16|   0|   16|          0|
    |sum_im_21_reg_4921                 |  16|   0|   16|          0|
    |sum_im_22_reg_4931                 |  16|   0|   16|          0|
    |sum_im_23_reg_4941                 |  16|   0|   16|          0|
    |sum_im_24_reg_4951                 |  16|   0|   16|          0|
    |sum_im_2_reg_4724                  |  16|   0|   16|          0|
    |sum_im_3_reg_4736                  |  16|   0|   16|          0|
    |sum_im_4_reg_4747                  |  16|   0|   16|          0|
    |sum_im_4_reg_4747_pp0_iter3_reg    |  16|   0|   16|          0|
    |sum_im_5_reg_4758                  |  16|   0|   16|          0|
    |sum_im_6_reg_4769                  |  16|   0|   16|          0|
    |sum_im_7_reg_4779                  |  16|   0|   16|          0|
    |sum_im_8_reg_4790                  |  16|   0|   16|          0|
    |sum_im_9_reg_4801                  |  16|   0|   16|          0|
    |sum_im_reg_4702                    |  16|   0|   16|          0|
    |sum_im_reg_4702_pp0_iter3_reg      |  16|   0|   16|          0|
    |sum_re_10_reg_4806                 |  16|   0|   16|          0|
    |sum_re_11_reg_4816                 |  16|   0|   16|          0|
    |sum_re_12_reg_4826                 |  16|   0|   16|          0|
    |sum_re_13_reg_4836                 |  16|   0|   16|          0|
    |sum_re_14_reg_4846                 |  16|   0|   16|          0|
    |sum_re_15_reg_4856                 |  16|   0|   16|          0|
    |sum_re_16_reg_4866                 |  16|   0|   16|          0|
    |sum_re_17_reg_4876                 |  16|   0|   16|          0|
    |sum_re_18_reg_4886                 |  16|   0|   16|          0|
    |sum_re_19_reg_4896                 |  16|   0|   16|          0|
    |sum_re_20_reg_4906                 |  16|   0|   16|          0|
    |sum_re_21_reg_4916                 |  16|   0|   16|          0|
    |sum_re_22_reg_4926                 |  16|   0|   16|          0|
    |sum_re_23_reg_4936                 |  16|   0|   16|          0|
    |sum_re_24_reg_4946                 |  16|   0|   16|          0|
    |sum_re_2_reg_4718                  |  16|   0|   16|          0|
    |sum_re_3_reg_4730                  |  16|   0|   16|          0|
    |sum_re_4_reg_4742                  |  16|   0|   16|          0|
    |sum_re_4_reg_4742_pp0_iter3_reg    |  16|   0|   16|          0|
    |sum_re_5_reg_4752                  |  16|   0|   16|          0|
    |sum_re_6_reg_4764                  |  16|   0|   16|          0|
    |sum_re_7_reg_4774                  |  16|   0|   16|          0|
    |sum_re_8_reg_4784                  |  16|   0|   16|          0|
    |sum_re_9_reg_4796                  |  16|   0|   16|          0|
    |sum_re_reg_4696                    |  16|   0|   16|          0|
    |sum_re_reg_4696_pp0_iter3_reg      |  16|   0|   16|          0|
    |tmp_9_reg_4976                     |  26|   0|   26|          0|
    |tmp_s_reg_4981                     |  26|   0|   26|          0|
    |icmp_ln73_reg_4682                 |  64|  32|    1|          0|
    |p_0_0_0599_2661_load_reg_4691      |  64|  32|   16|          0|
    |p_0_0_0600_2660_load_reg_4686      |  64|  32|   16|          0|
    |sum_im_10_reg_4811                 |  64|  32|   16|          0|
    |sum_im_11_reg_4821                 |  64|  32|   16|          0|
    |sum_im_12_reg_4831                 |  64|  32|   16|          0|
    |sum_im_13_reg_4841                 |  64|  32|   16|          0|
    |sum_im_14_reg_4851                 |  64|  32|   16|          0|
    |sum_im_15_reg_4861                 |  64|  32|   16|          0|
    |sum_im_16_reg_4871                 |  64|  32|   16|          0|
    |sum_im_17_reg_4881                 |  64|  32|   16|          0|
    |sum_im_18_reg_4891                 |  64|  32|   16|          0|
    |sum_im_19_reg_4901                 |  64|  32|   16|          0|
    |sum_im_20_reg_4911                 |  64|  32|   16|          0|
    |sum_im_21_reg_4921                 |  64|  32|   16|          0|
    |sum_im_22_reg_4931                 |  64|  32|   16|          0|
    |sum_im_23_reg_4941                 |  64|  32|   16|          0|
    |sum_im_24_reg_4951                 |  64|  32|   16|          0|
    |sum_im_2_reg_4724                  |  64|  32|   16|          0|
    |sum_im_3_reg_4736                  |  64|  32|   16|          0|
    |sum_im_5_reg_4758                  |  64|  32|   16|          0|
    |sum_im_6_reg_4769                  |  64|  32|   16|          0|
    |sum_im_7_reg_4779                  |  64|  32|   16|          0|
    |sum_im_8_reg_4790                  |  64|  32|   16|          0|
    |sum_im_9_reg_4801                  |  64|  32|   16|          0|
    |sum_re_10_reg_4806                 |  64|  32|   16|          0|
    |sum_re_11_reg_4816                 |  64|  32|   16|          0|
    |sum_re_12_reg_4826                 |  64|  32|   16|          0|
    |sum_re_13_reg_4836                 |  64|  32|   16|          0|
    |sum_re_14_reg_4846                 |  64|  32|   16|          0|
    |sum_re_15_reg_4856                 |  64|  32|   16|          0|
    |sum_re_16_reg_4866                 |  64|  32|   16|          0|
    |sum_re_17_reg_4876                 |  64|  32|   16|          0|
    |sum_re_18_reg_4886                 |  64|  32|   16|          0|
    |sum_re_19_reg_4896                 |  64|  32|   16|          0|
    |sum_re_20_reg_4906                 |  64|  32|   16|          0|
    |sum_re_21_reg_4916                 |  64|  32|   16|          0|
    |sum_re_22_reg_4926                 |  64|  32|   16|          0|
    |sum_re_23_reg_4936                 |  64|  32|   16|          0|
    |sum_re_24_reg_4946                 |  64|  32|   16|          0|
    |sum_re_2_reg_4718                  |  64|  32|   16|          0|
    |sum_re_3_reg_4730                  |  64|  32|   16|          0|
    |sum_re_5_reg_4752                  |  64|  32|   16|          0|
    |sum_re_6_reg_4764                  |  64|  32|   16|          0|
    |sum_re_7_reg_4774                  |  64|  32|   16|          0|
    |sum_re_8_reg_4784                  |  64|  32|   16|          0|
    |sum_re_9_reg_4796                  |  64|  32|   16|          0|
    +-----------------------------------+----+----+-----+-----------+
    |Total                              |5641|1504| 3370|          0|
    +-----------------------------------+----+----+-----+-----------+



================================================================
== Interface
================================================================
* Summary: 
+-----------------+-----+-----+------------+-------------------------------------------+--------------+
|    RTL Ports    | Dir | Bits|  Protocol  |               Source Object               |    C Type    |
+-----------------+-----+-----+------------+-------------------------------------------+--------------+
|ap_clk           |   in|    1|  ap_ctrl_hs|  module0_prefilter_Pipeline_PREFILTER_LOOP|  return value|
|ap_rst           |   in|    1|  ap_ctrl_hs|  module0_prefilter_Pipeline_PREFILTER_LOOP|  return value|
|ap_start         |   in|    1|  ap_ctrl_hs|  module0_prefilter_Pipeline_PREFILTER_LOOP|  return value|
|ap_done          |  out|    1|  ap_ctrl_hs|  module0_prefilter_Pipeline_PREFILTER_LOOP|  return value|
|ap_idle          |  out|    1|  ap_ctrl_hs|  module0_prefilter_Pipeline_PREFILTER_LOOP|  return value|
|ap_ready         |  out|    1|  ap_ctrl_hs|  module0_prefilter_Pipeline_PREFILTER_LOOP|  return value|
|data_in_dout     |   in|   32|     ap_fifo|                                    data_in|       pointer|
|data_in_empty_n  |   in|    1|     ap_fifo|                                    data_in|       pointer|
|data_in_read     |  out|    1|     ap_fifo|                                    data_in|       pointer|
|data_out_din     |  out|   32|     ap_fifo|                                   data_out|       pointer|
|data_out_full_n  |   in|    1|     ap_fifo|                                   data_out|       pointer|
|data_out_write   |  out|    1|     ap_fifo|                                   data_out|       pointer|
|num_samples      |   in|   32|     ap_none|                                num_samples|        scalar|
|filteredLen      |   in|   32|     ap_none|                                filteredLen|        scalar|
+-----------------+-----+-----+------------+-------------------------------------------+--------------+

