#-----------------------------------------------------------
# Vivado v2024.2.2 (64-bit)
# SW Build 6060944 on Thu Mar 06 19:10:09 MST 2025
# IP Build 6050500 on Thu Mar  6 23:33:39 MST 2025
# SharedData Build 6060542 on Thu Mar 06 10:31:07 MST 2025
# Start of session at: Thu Feb  5 01:07:22 2026
# Process ID         : 3054141
# Current directory  : /home/amd/Documents/MATLAB/Examples/R2025a/whdl/WLANHDLTimeAndFrequencySynchronizationExample/hdl_prj/hdlsrc/vivado_prj/WLANTimeAndFrequencySynchronization.runs/impl_1
# Command line       : vivado -log WLANTimeAndFrequencySynchronization.vdi -applog -product Vivado -messageDb vivado.pb -mode batch -source WLANTimeAndFrequencySynchronization.tcl -notrace
# Log file           : /home/amd/Documents/MATLAB/Examples/R2025a/whdl/WLANHDLTimeAndFrequencySynchronizationExample/hdl_prj/hdlsrc/vivado_prj/WLANTimeAndFrequencySynchronization.runs/impl_1/WLANTimeAndFrequencySynchronization.vdi
# Journal file       : /home/amd/Documents/MATLAB/Examples/R2025a/whdl/WLANHDLTimeAndFrequencySynchronizationExample/hdl_prj/hdlsrc/vivado_prj/WLANTimeAndFrequencySynchronization.runs/impl_1/vivado.jou
# Running On         : amd
# Platform           : Ubuntu
# Operating System   : Ubuntu 22.04.5 LTS
# Processor Detail   : AMD Ryzen 5 7640HS w/ Radeon 760M Graphics
# CPU Frequency      : 4636.359 MHz
# CPU Physical cores : 6
# CPU Logical cores  : 12
# Host memory        : 31248 MB
# Swap memory        : 10737 MB
# Total Virtual      : 41985 MB
# Available Virtual  : 5330 MB
#-----------------------------------------------------------
source WLANTimeAndFrequencySynchronization.tcl -notrace
